// Vitest Snapshot v1, https://vitest.dev/guide/snapshot.html

exports[`should create playwright rules 1`] = `
{
  "no-empty-pattern": "off",
  "playwright/expect-expect": "error",
  "playwright/max-nested-describe": "error",
  "playwright/missing-playwright-await": "error",
  "playwright/no-conditional-expect": "error",
  "playwright/no-conditional-in-test": "error",
  "playwright/no-element-handle": "error",
  "playwright/no-eval": "error",
  "playwright/no-focused-test": "error",
  "playwright/no-force-option": "error",
  "playwright/no-nested-step": "error",
  "playwright/no-networkidle": "error",
  "playwright/no-page-pause": "error",
  "playwright/no-skipped-test": "error",
  "playwright/no-slowed-test": "error",
  "playwright/no-standalone-expect": "error",
  "playwright/no-unsafe-references": "error",
  "playwright/no-useless-await": "error",
  "playwright/no-useless-not": "error",
  "playwright/no-wait-for-selector": "error",
  "playwright/no-wait-for-timeout": "error",
  "playwright/prefer-web-first-assertions": "error",
  "playwright/valid-describe-callback": "error",
  "playwright/valid-expect": "error",
  "playwright/valid-expect-in-promise": "error",
  "playwright/valid-title": "off",
}
`;
